../Core/Src/main.c:131:6:LedInit	16	static
../Core/Src/main.c:140:6:LedSetBrightness	32	static
../Core/Src/main.c:154:6:LedSetColor	16	static
../Core/Src/main.c:164:6:LedSend	40	static
../Core/Src/main.c:194:6:LedUpdate	24	static
../Core/Src/main.c:215:6:LedUpdateTwoStep	8	static
../Core/Src/main.c:222:6:HAL_TIM_PWM_PulseFinishedCallback	16	static
../Core/Src/main.c:233:5:main	24	static
../Core/Src/main.c:365:6:SystemClock_Config	88	static
../Core/Src/main.c:412:13:MX_TIM2_Init	32	static
../Core/Src/main.c:457:13:MX_TIM4_Init	48	static
../Core/Src/main.c:504:13:MX_DMA_Init	16	static
../Core/Src/main.c:522:13:MX_GPIO_Init	40	static
../Core/Src/main.c:576:6:HAL_TIM_PeriodElapsedCallback	16	static
../Core/Src/main.c:602:6:Error_Handler	4	static,ignoring_inline_asm
