../Core/Src/main.c:139:6:LedInit	16	static
../Core/Src/main.c:148:6:LedSetBrightness	32	static
../Core/Src/main.c:162:6:LedSetColor	16	static
../Core/Src/main.c:172:6:LedSend	40	static
../Core/Src/main.c:202:6:LedUpdate	24	static
../Core/Src/main.c:223:6:LedUpdateTwoStep	8	static
../Core/Src/main.c:229:6:HAL_TIM_PWM_PulseFinishedCallback	16	static
../Core/Src/main.c:240:6:CalculateDelayTime	8	static
../Core/Src/main.c:251:6:CalculateDwell	8	static
../Core/Src/main.c:268:6:IsQuickShifterOn	8	static
../Core/Src/main.c:277:6:DoesRpmExeedRevLimit	8	static
../Core/Src/main.c:292:5:main	24	static
../Core/Src/main.c:422:6:SystemClock_Config	88	static
../Core/Src/main.c:468:13:MX_TIM2_Init	32	static
../Core/Src/main.c:513:13:MX_TIM4_Init	48	static
../Core/Src/main.c:560:13:MX_DMA_Init	16	static
../Core/Src/main.c:578:13:MX_GPIO_Init	48	static
../Core/Src/main.c:639:6:HAL_TIM_PeriodElapsedCallback	16	static
../Core/Src/main.c:647:6:HAL_GPIO_EXTI_Callback	16	static
../Core/Src/main.c:671:6:Error_Handler	4	static,ignoring_inline_asm
